{
    "sarscov2 - DNA fasta": {
        "content": [
            {
                "0": [
                    "genome.sequences.parquet:md5,679e96157aeb8c0cf4bcba2ed0dd43ef"
                ],
                "1": [
                    "versions.yml:md5,88c8c8f5fbaedbfa811a6ba7612afeae"
                ],
                "parquet": [
                    "genome.sequences.parquet:md5,679e96157aeb8c0cf4bcba2ed0dd43ef"
                ],
                "versions": [
                    "versions.yml:md5,88c8c8f5fbaedbfa811a6ba7612afeae"
                ]
            }
        ],
        "meta": {
            "nf-test": "0.8.4",
            "nextflow": "24.04.3"
        },
        "timestamp": "2024-07-18T10:11:52.516973"
    },
    "sarscov2 - fasta - stub": {
        "content": [
            {
                "0": [
                    [
                        
                    ]
                ],
                "1": [
                    "versions.yml:md5,88c8c8f5fbaedbfa811a6ba7612afeae"
                ],
                "parquet": [
                    [
                        
                    ]
                ],
                "versions": [
                    "versions.yml:md5,88c8c8f5fbaedbfa811a6ba7612afeae"
                ]
            }
        ],
        "meta": {
            "nf-test": "0.8.4",
            "nextflow": "24.04.3"
        },
        "timestamp": "2024-07-18T10:12:01.804759"
    },
    "sarscov2 - protein fasta": {
        "content": [
            {
                "0": [
                    "proteome.sequences.parquet:md5,a4d0e8b08cbad85104661556a19f4f01"
                ],
                "1": [
                    "versions.yml:md5,88c8c8f5fbaedbfa811a6ba7612afeae"
                ],
                "parquet": [
                    "proteome.sequences.parquet:md5,a4d0e8b08cbad85104661556a19f4f01"
                ],
                "versions": [
                    "versions.yml:md5,88c8c8f5fbaedbfa811a6ba7612afeae"
                ]
            }
        ],
        "meta": {
            "nf-test": "0.8.4",
            "nextflow": "24.04.3"
        },
        "timestamp": "2024-07-18T10:11:57.712525"
    }
}