{
    "sarscov2 - DNA fasta": {
        "content": [
            {
                "0": [
                    [
                        {
                            "id": "test"
                        },
                        "test.sequences.parquet:md5,3f13ca84557ea514b443fddaf613180f"
                    ]
                ],
                "1": [
                    "versions.yml:md5,0e5dc4bbf2448a3c649e0a51d54d996b"
                ],
                "parquet": [
                    [
                        {
                            "id": "test"
                        },
                        "test.sequences.parquet:md5,3f13ca84557ea514b443fddaf613180f"
                    ]
                ],
                "versions": [
                    "versions.yml:md5,0e5dc4bbf2448a3c649e0a51d54d996b"
                ]
            }
        ],
        "meta": {
            "nf-test": "0.8.4",
            "nextflow": "24.04.3"
        },
        "timestamp": "2024-07-18T14:50:33.435165"
    },
    "sarscov2 - fasta - stub": {
        "content": [
            {
                "0": [
                    [
                        {
                            "id": "test"
                        },
                        "test.sequences.parquet:md5,3f13ca84557ea514b443fddaf613180f"
                    ]
                ],
                "1": [
                    "versions.yml:md5,0e5dc4bbf2448a3c649e0a51d54d996b"
                ],
                "parquet": [
                    [
                        {
                            "id": "test"
                        },
                        "test.sequences.parquet:md5,3f13ca84557ea514b443fddaf613180f"
                    ]
                ],
                "versions": [
                    "versions.yml:md5,0e5dc4bbf2448a3c649e0a51d54d996b"
                ]
            }
        ],
        "meta": {
            "nf-test": "0.8.4",
            "nextflow": "24.04.3"
        },
        "timestamp": "2024-07-18T14:46:25.381719"
    },
    "sarscov2 - protein fasta": {
        "content": [
            {
                "0": [
                    [
                        {
                            "id": "test"
                        },
                        "test.sequences.parquet:md5,3faf7d066d901fa31edbb601a0ff172d"
                    ]
                ],
                "1": [
                    "versions.yml:md5,0e5dc4bbf2448a3c649e0a51d54d996b"
                ],
                "parquet": [
                    [
                        {
                            "id": "test"
                        },
                        "test.sequences.parquet:md5,3faf7d066d901fa31edbb601a0ff172d"
                    ]
                ],
                "versions": [
                    "versions.yml:md5,0e5dc4bbf2448a3c649e0a51d54d996b"
                ]
            }
        ],
        "meta": {
            "nf-test": "0.8.4",
            "nextflow": "24.04.3"
        },
        "timestamp": "2024-07-18T14:50:36.620122"
    }
}